ASxxxx Linker V03.00/V05.40 + sdld,  page 1.
Hexadecimal  [32-Bits]

Area                       Addr        Size        Decimal Bytes (Attributes)
--------------------       ----        ----        ------- ----- ------------
.  .ABS.               00000000    00000000 =           0. bytes (ABS,CON)

        Value  Global            Value  Global            Value  Global    
        -----  ------            -----  ------            -----  ------    
     00000000  .__.ABS.  |    00000000  _rRAMG    |    00000000  l__BASE  
     00000000  l__BSS    |    00000000  l__CABS   |    00000000  l__CODE_0
     00000000  l__DABS   |    00000000  l__HEADER |    00000000  l__HEAP  
     00000000  l__HEAP_E |    00000000  l__HRAM   |    00000000  l__LIT   
     00000000  s__CABS   |    00000000  s__DABS   |    00000000  s__HEADER
     00000000  s__HEADER |    00000000  s__HEADER |    00000000  s__HEADER
     00000000  s__HEADER |    00000000  s__HEADER |    00000000  s__HEADER
     00000000  s__HEADER |    00000000  s__HEADER |    00000000  s__HEADER
     00000000  s__HEADER |    00000000  s__HEADER |    00000000  s__HEADER
     00000000  s__HEADER |    00000000  s__HEADER |    00000000  s__HEADER
     00000000  s__HEADER |    00000000  s__HEADER |    00000000  s__HEADER
     00000000  s__HRAM   |    00000000  s__HRAM12 |    00000001  l__GSFINA
     00000001  l__HEADER |    00000001  l__HEADER |    00000001  l__HEADER
     00000001  l__HEADER |    00000001  l__HEADER |    00000001  l__HEADER
     00000001  l__HEADER |    00000001  l__INITIA |    00000001  l__INITIA
     00000002  l__HEADER |    00000002  l__HEADER |    00000002  l__HEADER
     00000003  l__HEADER |    00000003  l__HRAM12 |    00000005  l__HEADER
     00000006  l__HEADER |    00000007  l__HEADER |    00000008  l__HEADER
     0000000C  l__GSINIT |    00000030  l__HEADER |    0000004D  l__DATA  
     0000005C  l__HEADER |    000000AF  l__HEADER |    00000200  s__CODE  
     0000020E  l__HOME   |    0000182A  l__CODE   |    00001A2A  s__HOME  
     00001C38  s__BASE   |    00001C38  s__CODE_0 |    00001C38  s__INITIA
     00001C38  s__LIT    |    00001C39  s__GSINIT |    00001C45  s__GSFINA
     00002000  _rROMB0   |    00003000  _rROMB1   |    00004000  _rRAMB   
     00008000  __VRAM    |    00008000  __VRAM800 |    00008800  __VRAM880
     00009000  __VRAM900 |    00009800  __SCRN0   |    00009C00  __SCRN1  
     0000A000  __SRAM    |    0000C000  __RAM     |    0000C000  _shadow_O
     0000C0A0  s__DATA   |    0000C0ED  s__BSS    |    0000C0ED  s__INITIA
     0000C0EE  s__HEAP   |    0000C0EE  s__HEAP_E |    0000D000  __RAMBANK
     0000E000  .STACK    |    0000FE00  __OAMRAM  |    0000FF00  _P1_REG  
     0000FF00  __IO      |    0000FF01  _SB_REG   |    0000FF02  _SC_REG  
     0000FF04  _DIV_REG  |    0000FF05  _TIMA_REG |    0000FF06  _TMA_REG 
     0000FF07  _TAC_REG  |    0000FF0F  _IF_REG   |    0000FF10  _NR10_REG
     0000FF11  _NR11_REG |    0000FF12  _NR12_REG |    0000FF13  _NR13_REG
     0000FF14  _NR14_REG |    0000FF16  _NR21_REG |    0000FF17  _NR22_REG
     0000FF18  _NR23_REG |    0000FF19  _NR24_REG |    0000FF1A  _NR30_REG
     0000FF1B  _NR31_REG |    0000FF1C  _NR32_REG |    0000FF1D  _NR33_REG
     0000FF1E  _NR34_REG |    0000FF20  _NR41_REG |    0000FF21  _NR42_REG
     0000FF22  _NR43_REG |    0000FF23  _NR44_REG |    0000FF24  _NR50_REG
     0000FF25  _NR51_REG |    0000FF26  _NR52_REG |    0000FF30  _AUD3WAVE
     0000FF30  _PCM_SAMP |    0000FF30  __AUD3WAV |    0000FF40  _LCDC_REG
     0000FF41  _STAT_REG |    0000FF42  _SCY_REG  |    0000FF43  _SCX_REG 
     0000FF44  _LY_REG   |    0000FF45  _LYC_REG  |    0000FF46  _DMA_REG 
     0000FF47  _BGP_REG  |    0000FF48  _OBP0_REG |    0000FF49  _OBP1_REG
     0000FF4A  _WY_REG   |    0000FF4B  _WX_REG   |    0000FF4D  _KEY1_REG
     0000FF4F  _VBK_REG  |    0000FF51  _HDMA1_RE |    0000FF52  _HDMA2_RE
     0000FF53  _HDMA3_RE |    0000FF54  _HDMA4_RE |    0000FF55  _HDMA5_RE
     0000FF56  _RP_REG   |    0000FF68  _BCPS_REG |    0000FF69  _BCPD_REG
     0000FF6A  _OCPS_REG |    0000FF6B  _OCPD_REG |    0000FF70  _SVBK_REG
     0000FF76  _PCM12_RE |    0000FF77  _PCM34_RE |    0000FF80  .refresh_
ASxxxx Linker V03.00/V05.40 + sdld,  page 2.
Hexadecimal  [32-Bits]

Area                       Addr        Size        Decimal Bytes (Attributes)
--------------------       ----        ----        ------- ----- ------------
.  .ABS.               00000000    00000000 =           0. bytes (ABS,CON)

        Value  Global            Value  Global            Value  Global    
        -----  ------            -----  ------            -----  ------    
     0000FF80  __HRAM    |    0000FFFF  _IE_REG  
ASxxxx Linker V03.00/V05.40 + sdld,  page 3.
Hexadecimal  [32-Bits]

Area                       Addr        Size        Decimal Bytes (Attributes)
--------------------       ----        ----        ------- ----- ------------
_CODE                  00000200    0000182A =        6186. bytes (REL,CON)

        Value  Global            Value  Global            Value  Global    
        -----  ------            -----  ------            -----  ------    
     00000200  _init_dia |    00000228  _frame_lc |    000002B8  _break_bt
     00000348  _press_bt |    000003D8  _dtmf_lcd |    000006F8  _key_num 
     00000868  _cursor_d |    000008E8  _row      |    000008EC  _col     
     000008F0  _dtmf_til |    00000A58  _break_ti |    00000A61  _dialing_
     00000A73  _press_ti |    00000A7C  _dialing_ |    00000A8E  _init_dis
     00000AB2  _pad      |    00000ACA  _dialtone |    00000C26  _disp_lcd
     00000EBA  _clr_disp |    00000ED9  _disp     |    00000F76  _press_bu
     00001004  _break_bu |    00001092  _init_key |    00001211  _init_bac
     00001249  _init_cur |    0000126B  _move_cur |    00001296  _main    
     000016BA  ___printf |    00001A09  _sprintf 
ASxxxx Linker V03.00/V05.40 + sdld,  page 4.
Hexadecimal  [32-Bits]

Area                       Addr        Size        Decimal Bytes (Attributes)
--------------------       ----        ----        ------- ----- ------------
_HEADER0               00000000    00000001 =           1. bytes (ABS,CON)

        Value  Global            Value  Global            Value  Global    
        -----  ------            -----  ------            -----  ------    
     00000020  .call_hl 
ASxxxx Linker V03.00/V05.40 + sdld,  page 5.
Hexadecimal  [32-Bits]

Area                       Addr        Size        Decimal Bytes (Attributes)
--------------------       ----        ----        ------- ----- ------------
_HEADER1               00000000    00000005 =           5. bytes (ABS,CON)

        Value  Global            Value  Global            Value  Global    
        -----  ------            -----  ------            -----  ------    
     00000028  .MemsetSm
ASxxxx Linker V03.00/V05.40 + sdld,  page 6.
Hexadecimal  [32-Bits]

Area                       Addr        Size        Decimal Bytes (Attributes)
--------------------       ----        ----        ------- ----- ------------
_HEADER2               00000000    00000007 =           7. bytes (ABS,CON)

        Value  Global            Value  Global            Value  Global    
        -----  ------            -----  ------            -----  ------    
     00000030  .MemcpySm
ASxxxx Linker V03.00/V05.40 + sdld,  page 7.
Hexadecimal  [32-Bits]

Area                       Addr        Size        Decimal Bytes (Attributes)
--------------------       ----        ----        ------- ----- ------------
_HEADER3               00000000    00000008 =           8. bytes (ABS,CON)

        Value  Global            Value  Global            Value  Global    
        -----  ------            -----  ------            -----  ------    
ASxxxx Linker V03.00/V05.40 + sdld,  page 8.
Hexadecimal  [32-Bits]

Area                       Addr        Size        Decimal Bytes (Attributes)
--------------------       ----        ----        ------- ----- ------------
_HEADER4               00000000    0000005C =          92. bytes (ABS,CON)

        Value  Global            Value  Global            Value  Global    
        -----  ------            -----  ------            -----  ------    
     00000080  .int      |    0000008F  _wait_int |    0000009C  __standar
     000000AB  _refresh_ |    000000CC  .wait_vbl |    000000CC  _vsync   
     000000CC  _wait_vbl
ASxxxx Linker V03.00/V05.40 + sdld,  page 9.
Hexadecimal  [32-Bits]

Area                       Addr        Size        Decimal Bytes (Attributes)
--------------------       ----        ----        ------- ----- ------------
_HEADER5               00000000    00000001 =           1. bytes (ABS,CON)

        Value  Global            Value  Global            Value  Global    
        -----  ------            -----  ------            -----  ------    
ASxxxx Linker V03.00/V05.40 + sdld,  page 10.
Hexadecimal  [32-Bits]

Area                       Addr        Size        Decimal Bytes (Attributes)
--------------------       ----        ----        ------- ----- ------------
_HEADER6               00000000    00000002 =           2. bytes (ABS,CON)

        Value  Global            Value  Global            Value  Global    
        -----  ------            -----  ------            -----  ------    
ASxxxx Linker V03.00/V05.40 + sdld,  page 11.
Hexadecimal  [32-Bits]

Area                       Addr        Size        Decimal Bytes (Attributes)
--------------------       ----        ----        ------- ----- ------------
_HEADER7               00000000    00000030 =          48. bytes (ABS,CON)

        Value  Global            Value  Global            Value  Global    
        -----  ------            -----  ------            -----  ------    
ASxxxx Linker V03.00/V05.40 + sdld,  page 12.
Hexadecimal  [32-Bits]

Area                       Addr        Size        Decimal Bytes (Attributes)
--------------------       ----        ----        ------- ----- ------------
_HEADER8               00000000    00000006 =           6. bytes (ABS,CON)

        Value  Global            Value  Global            Value  Global    
        -----  ------            -----  ------            -----  ------    
ASxxxx Linker V03.00/V05.40 + sdld,  page 13.
Hexadecimal  [32-Bits]

Area                       Addr        Size        Decimal Bytes (Attributes)
--------------------       ----        ----        ------- ----- ------------
_HEADER9               00000000    00000003 =           3. bytes (ABS,CON)

        Value  Global            Value  Global            Value  Global    
        -----  ------            -----  ------            -----  ------    
ASxxxx Linker V03.00/V05.40 + sdld,  page 14.
Hexadecimal  [32-Bits]

Area                       Addr        Size        Decimal Bytes (Attributes)
--------------------       ----        ----        ------- ----- ------------
_HEADERa               00000000    00000001 =           1. bytes (ABS,CON)

        Value  Global            Value  Global            Value  Global    
        -----  ------            -----  ------            -----  ------    
ASxxxx Linker V03.00/V05.40 + sdld,  page 15.
Hexadecimal  [32-Bits]

Area                       Addr        Size        Decimal Bytes (Attributes)
--------------------       ----        ----        ------- ----- ------------
_HEADERb               00000000    00000001 =           1. bytes (ABS,CON)

        Value  Global            Value  Global            Value  Global    
        -----  ------            -----  ------            -----  ------    
ASxxxx Linker V03.00/V05.40 + sdld,  page 16.
Hexadecimal  [32-Bits]

Area                       Addr        Size        Decimal Bytes (Attributes)
--------------------       ----        ----        ------- ----- ------------
_HEADERc               00000000    00000001 =           1. bytes (ABS,CON)

        Value  Global            Value  Global            Value  Global    
        -----  ------            -----  ------            -----  ------    
ASxxxx Linker V03.00/V05.40 + sdld,  page 17.
Hexadecimal  [32-Bits]

Area                       Addr        Size        Decimal Bytes (Attributes)
--------------------       ----        ----        ------- ----- ------------
_HEADERd               00000000    00000002 =           2. bytes (ABS,CON)

        Value  Global            Value  Global            Value  Global    
        -----  ------            -----  ------            -----  ------    
ASxxxx Linker V03.00/V05.40 + sdld,  page 18.
Hexadecimal  [32-Bits]

Area                       Addr        Size        Decimal Bytes (Attributes)
--------------------       ----        ----        ------- ----- ------------
_HEADERe               00000000    00000001 =           1. bytes (ABS,CON)

        Value  Global            Value  Global            Value  Global    
        -----  ------            -----  ------            -----  ------    
ASxxxx Linker V03.00/V05.40 + sdld,  page 19.
Hexadecimal  [32-Bits]

Area                       Addr        Size        Decimal Bytes (Attributes)
--------------------       ----        ----        ------- ----- ------------
_HEADERf               00000000    00000001 =           1. bytes (ABS,CON)

        Value  Global            Value  Global            Value  Global    
        -----  ------            -----  ------            -----  ------    
ASxxxx Linker V03.00/V05.40 + sdld,  page 20.
Hexadecimal  [32-Bits]

Area                       Addr        Size        Decimal Bytes (Attributes)
--------------------       ----        ----        ------- ----- ------------
_HEADER10              00000000    00000002 =           2. bytes (ABS,CON)

        Value  Global            Value  Global            Value  Global    
        -----  ------            -----  ------            -----  ------    
ASxxxx Linker V03.00/V05.40 + sdld,  page 21.
Hexadecimal  [32-Bits]

Area                       Addr        Size        Decimal Bytes (Attributes)
--------------------       ----        ----        ------- ----- ------------
_HEADER11              00000000    000000AF =         175. bytes (ABS,CON)

        Value  Global            Value  Global            Value  Global    
        -----  ------            -----  ------            -----  ------    
     00000150  .reset    |    00000150  _reset    |    00000157  .code_sta
     000001B9  _exit     |    000001BD  _set_inte |    000001D1  .remove_V
     000001D1  _remove_V |    000001D4  .remove_i |    000001F1  .add_VBL 
     000001F1  _add_VBL  |    000001F4  .add_int 
ASxxxx Linker V03.00/V05.40 + sdld,  page 22.
Hexadecimal  [32-Bits]

Area                       Addr        Size        Decimal Bytes (Attributes)
--------------------       ----        ----        ------- ----- ------------
_HOME                  00001A2A    0000020E =         526. bytes (REL,CON)

        Value  Global            Value  Global            Value  Global    
        -----  ------            -----  ------            -----  ------    
     00001A2A  .memset_s |    00001A33  .memcpy_s |    00001A50  .display_
     00001A50  _display_ |    00001A68  _strcpy   |    00001A7A  _set_tile
     00001A7F  _set_bkg_ |    00001A7F  _set_win_ |    00001A87  _set_spri
     00001AB7  .padup    |    00001AB7  _waitpadu |    00001AC7  .jpad    
     00001AC7  _joypad   |    00001AEF  _waitpad  |    00001AF0  .wait_pad
     00001AF7  ___sdcc_c |    00001AF8  .delay    |    00001AF8  _delay   
     00001B24  _set_bkg_ |    00001B38  _uitoa    |    00001B47  _itoa    
     00001B56  .itoa     |    00001B6A  .utoa     |    00001BDE  .set_xy_w
     00001BE7  .set_xy_b |    00001BF6  .set_xy_t
ASxxxx Linker V03.00/V05.40 + sdld,  page 23.
Hexadecimal  [32-Bits]

Area                       Addr        Size        Decimal Bytes (Attributes)
--------------------       ----        ----        ------- ----- ------------
_INITIALIZER           00001C38    00000001 =           1. bytes (REL,CON)

        Value  Global            Value  Global            Value  Global    
        -----  ------            -----  ------            -----  ------    
ASxxxx Linker V03.00/V05.40 + sdld,  page 24.
Hexadecimal  [32-Bits]

Area                       Addr        Size        Decimal Bytes (Attributes)
--------------------       ----        ----        ------- ----- ------------
_GSINIT                00001C39    0000000C =          12. bytes (REL,CON)

        Value  Global            Value  Global            Value  Global    
        -----  ------            -----  ------            -----  ------    
     00001C39  gsinit   
ASxxxx Linker V03.00/V05.40 + sdld,  page 25.
Hexadecimal  [32-Bits]

Area                       Addr        Size        Decimal Bytes (Attributes)
--------------------       ----        ----        ------- ----- ------------
_GSFINAL               00001C45    00000001 =           1. bytes (REL,CON)

        Value  Global            Value  Global            Value  Global    
        -----  ------            -----  ------            -----  ------    
ASxxxx Linker V03.00/V05.40 + sdld,  page 26.
Hexadecimal  [32-Bits]

Area                       Addr        Size        Decimal Bytes (Attributes)
--------------------       ----        ----        ------- ----- ------------
_DATA                  0000C0A0    0000004D =          77. bytes (REL,CON)

        Value  Global            Value  Global            Value  Global    
        -----  ------            -----  ------            -----  ------    
     0000C0A0  __cpu     |    0000C0A1  __is_GBA  |    0000C0A2  .mode    
     0000C0A3  .sys_time |    0000C0A3  _sys_time |    0000C0A5  .int_0x40
     0000C0B1  _disp_til
ASxxxx Linker V03.00/V05.40 + sdld,  page 27.
Hexadecimal  [32-Bits]

Area                       Addr        Size        Decimal Bytes (Attributes)
--------------------       ----        ----        ------- ----- ------------
_INITIALIZED           0000C0ED    00000001 =           1. bytes (REL,CON)

        Value  Global            Value  Global            Value  Global    
        -----  ------            -----  ------            -----  ------    
     0000C0ED  __map_til
ASxxxx Linker V03.00/V05.40 + sdld,  page 28.
Hexadecimal  [32-Bits]

Area                       Addr        Size        Decimal Bytes (Attributes)
--------------------       ----        ----        ------- ----- ------------
_HRAM12                00000000    00000003 =           3. bytes (ABS,CON)

        Value  Global            Value  Global            Value  Global    
        -----  ------            -----  ------            -----  ------    
     0000FF90  __current |    0000FF92  __shadow_
ASxxxx Linker V03.00/V05.40 + sdld,  page 29.

Files Linked                              [ module(s) ]

../../../lib/gb/crt0.o                    [ Runtime ]
gb-dtmf.o                                 [ gb_dtmf ]


Libraries Linked                          [ object file ]

../../../lib/sm83/sm83.lib                [ _strcpy.o ]
../../../lib/gb/gb.lib                    [ set_data.o ]
../../../lib/gb/gb.lib                    [ sfr.o ]
../../../lib/sm83/sm83.lib                [ sprintf.o ]
../../../lib/gb/gb.lib                    [ pad.o ]
../../../lib/sm83/sm83.lib                [ __sdcc_call_hl.o ]
../../../lib/gb/gb.lib                    [ delay.o ]
../../../lib/gb/gb.lib                    [ set_bk_t.o ]
../../../lib/sm83/sm83.lib                [ itoa.o ]
../../../lib/gb/gb.lib                    [ set_xy_t.o ]

ASxxxx Linker V03.00/V05.40 + sdld,  page 30.

User Base Address Definitions

_DATA=0xC0A0
_CODE=0x0200
ASxxxx Linker V03.00/V05.40 + sdld,  page 31.

User Global Definitions

_shadow_OAM=0xC000
.STACK=0xE000
.refresh_OAM=0xFF80

