                                      1 ;--------------------------------------------------------
                                      2 ; File Created by SDCC : free open source ISO C Compiler 
                                      3 ; Version 4.3.2 #14228 (Linux)
                                      4 ;--------------------------------------------------------
                                      5 	.module colorbar
                                      6 	.optsdcc -msm83
                                      7 	
                                      8 ;--------------------------------------------------------
                                      9 ; Public variables in this module
                                     10 ;--------------------------------------------------------
                                     11 	.globl _main
                                     12 	.globl _set_bkg_palette
                                     13 	.globl _set_bkg_tiles
                                     14 	.globl _set_bkg_data
                                     15 	.globl _bar_a
                                     16 	.globl _bar_p
                                     17 	.globl _bar_m
                                     18 	.globl _bar_c
                                     19 	.globl _bar_cCGB
                                     20 ;--------------------------------------------------------
                                     21 ; special function registers
                                     22 ;--------------------------------------------------------
                                     23 ;--------------------------------------------------------
                                     24 ; ram data
                                     25 ;--------------------------------------------------------
                                     26 	.area _DATA
                                     27 ;--------------------------------------------------------
                                     28 ; ram data
                                     29 ;--------------------------------------------------------
                                     30 	.area _INITIALIZED
                                     31 ;--------------------------------------------------------
                                     32 ; absolute external ram data
                                     33 ;--------------------------------------------------------
                                     34 	.area _DABS (ABS)
                                     35 ;--------------------------------------------------------
                                     36 ; global & static initialisations
                                     37 ;--------------------------------------------------------
                                     38 	.area _HOME
                                     39 	.area _GSINIT
                                     40 	.area _GSFINAL
                                     41 	.area _GSINIT
                                     42 ;--------------------------------------------------------
                                     43 ; Home
                                     44 ;--------------------------------------------------------
                                     45 	.area _HOME
                                     46 	.area _HOME
                                     47 ;--------------------------------------------------------
                                     48 ; code
                                     49 ;--------------------------------------------------------
                                     50 	.area _CODE
                                     51 ;colorbar.c:43: int main(void)
                                     52 ;	---------------------------------
                                     53 ; Function main
                                     54 ; ---------------------------------
      000000                         55 _main::
                                     56 ;colorbar.c:46: set_bkg_palette( BKGF_CGB_PAL7, 1, &bar_p[0] );
      000000 11r34r04         [12]   57 	ld	de, #_bar_p
      000003 D5               [16]   58 	push	de
      000004 21 07 01         [12]   59 	ld	hl, #0x107
      000007 E5               [16]   60 	push	hl
      000008 CDr00r00         [24]   61 	call	_set_bkg_palette
      00000B E8 04            [16]   62 	add	sp, #4
                                     63 ;colorbar.c:47: set_bkg_palette( BKGF_CGB_PAL6, 1, &bar_p[4] );
      00000D 11r3Cr04         [12]   64 	ld	de, #(_bar_p + 8)
      000010 D5               [16]   65 	push	de
      000011 21 06 01         [12]   66 	ld	hl, #0x106
      000014 E5               [16]   67 	push	hl
      000015 CDr00r00         [24]   68 	call	_set_bkg_palette
      000018 E8 04            [16]   69 	add	sp, #4
                                     70 ;colorbar.c:48: set_bkg_palette( BKGF_CGB_PAL5, 1, &bar_p[8] );
      00001A 11r44r04         [12]   71 	ld	de, #(_bar_p + 16)
      00001D D5               [16]   72 	push	de
      00001E 21 05 01         [12]   73 	ld	hl, #0x105
      000021 E5               [16]   74 	push	hl
      000022 CDr00r00         [24]   75 	call	_set_bkg_palette
      000025 E8 04            [16]   76 	add	sp, #4
                                     77 ;colorbar.c:49: set_bkg_palette( BKGF_CGB_PAL4, 1, &bar_p[12] );
      000027 11r4Cr04         [12]   78 	ld	de, #(_bar_p + 24)
      00002A D5               [16]   79 	push	de
      00002B 21 04 01         [12]   80 	ld	hl, #0x104
      00002E E5               [16]   81 	push	hl
      00002F CDr00r00         [24]   82 	call	_set_bkg_palette
      000032 E8 04            [16]   83 	add	sp, #4
                                     84 ;colorbar.c:50: set_bkg_palette( BKGF_CGB_PAL3, 1, &bar_p[16] );
      000034 11r54r04         [12]   85 	ld	de, #(_bar_p + 32)
      000037 D5               [16]   86 	push	de
      000038 21 03 01         [12]   87 	ld	hl, #0x103
      00003B E5               [16]   88 	push	hl
      00003C CDr00r00         [24]   89 	call	_set_bkg_palette
      00003F E8 04            [16]   90 	add	sp, #4
                                     91 ;colorbar.c:51: set_bkg_palette( BKGF_CGB_PAL2, 1, &bar_p[20] );
      000041 11r5Cr04         [12]   92 	ld	de, #(_bar_p + 40)
      000044 D5               [16]   93 	push	de
      000045 21 02 01         [12]   94 	ld	hl, #0x102
      000048 E5               [16]   95 	push	hl
      000049 CDr00r00         [24]   96 	call	_set_bkg_palette
      00004C E8 04            [16]   97 	add	sp, #4
                                     98 ;colorbar.c:52: set_bkg_palette( BKGF_CGB_PAL1, 1, &bar_p[24] );
      00004E 11r64r04         [12]   99 	ld	de, #(_bar_p + 48)
      000051 D5               [16]  100 	push	de
      000052 21 01 01         [12]  101 	ld	hl, #0x101
      000055 E5               [16]  102 	push	hl
      000056 CDr00r00         [24]  103 	call	_set_bkg_palette
      000059 E8 04            [16]  104 	add	sp, #4
                                    105 ;colorbar.c:53: set_bkg_palette( BKGF_CGB_PAL0, 1, &bar_p[28] );
      00005B 11r6Cr04         [12]  106 	ld	de, #(_bar_p + 56)
      00005E D5               [16]  107 	push	de
      00005F AF               [ 4]  108 	xor	a, a
      000060 3C               [ 4]  109 	inc	a
      000061 F5               [16]  110 	push	af
      000062 CDr00r00         [24]  111 	call	_set_bkg_palette
      000065 E8 04            [16]  112 	add	sp, #4
                                    113 ;colorbar.c:56: set_bkg_data( 0x0, 32, bar_c );
      000067 11rCCr00         [12]  114 	ld	de, #_bar_c
      00006A D5               [16]  115 	push	de
      00006B 21 00 20         [12]  116 	ld	hl, #0x2000
      00006E E5               [16]  117 	push	hl
      00006F CDr00r00         [24]  118 	call	_set_bkg_data
      000072 E8 04            [16]  119 	add	sp, #4
                                    120 ;colorbar.c:59: VBK_REG = VBK_ATTRIBUTES;
      000074 3E 01            [ 8]  121 	ld	a, #0x01
      000076 E0r00            [12]  122 	ldh	(_VBK_REG + 0), a
                                    123 ;colorbar.c:61: set_bkg_tiles( 0, 0, bar_mWidth, bar_mHeight, bar_a );
      000078 11r74r04         [12]  124 	ld	de, #_bar_a
      00007B D5               [16]  125 	push	de
      00007C 21 14 12         [12]  126 	ld	hl, #0x1214
      00007F E5               [16]  127 	push	hl
      000080 AF               [ 4]  128 	xor	a, a
      000081 0F               [ 4]  129 	rrca
      000082 F5               [16]  130 	push	af
      000083 CDr00r00         [24]  131 	call	_set_bkg_tiles
      000086 E8 06            [16]  132 	add	sp, #6
                                    133 ;colorbar.c:64: VBK_REG = VBK_TILES;
      000088 AF               [ 4]  134 	xor	a, a
      000089 E0r00            [12]  135 	ldh	(_VBK_REG + 0), a
                                    136 ;colorbar.c:66: set_bkg_tiles( 0, 0, bar_mWidth, bar_mHeight, bar_m );
      00008B 11rCCr02         [12]  137 	ld	de, #_bar_m
      00008E D5               [16]  138 	push	de
      00008F 21 14 12         [12]  139 	ld	hl, #0x1214
      000092 E5               [16]  140 	push	hl
      000093 AF               [ 4]  141 	xor	a, a
      000094 0F               [ 4]  142 	rrca
      000095 F5               [16]  143 	push	af
      000096 CDr00r00         [24]  144 	call	_set_bkg_tiles
      000099 E8 06            [16]  145 	add	sp, #6
                                    146 ;colorbar.c:68: SHOW_BKG;
      00009B F0r00            [12]  147 	ldh	a, (_LCDC_REG + 0)
      00009D F6 01            [ 8]  148 	or	a, #0x01
      00009F E0r00            [12]  149 	ldh	(_LCDC_REG + 0), a
                                    150 ;../../../include/gb/gb.h:738: __asm__("ei");
      0000A1 FB               [ 4]  151 	ei
                                    152 ;colorbar.c:70: DISPLAY_ON;
      0000A2 F0r00            [12]  153 	ldh	a, (_LCDC_REG + 0)
      0000A4 F6 80            [ 8]  154 	or	a, #0x80
      0000A6 E0r00            [12]  155 	ldh	(_LCDC_REG + 0), a
                                    156 ;colorbar.c:72: return 0;
      0000A8 01 00 00         [12]  157 	ld	bc, #0x0000
                                    158 ;colorbar.c:73: }
      0000AB C9               [16]  159 	ret
      0000AC                        160 _bar_cCGB:
      0000AC 00                     161 	.db #0x00	; 0
      0000AD 00                     162 	.db #0x00	; 0
      0000AE 00                     163 	.db #0x00	; 0
      0000AF 00                     164 	.db #0x00	; 0
      0000B0 01                     165 	.db #0x01	; 1
      0000B1 01                     166 	.db #0x01	; 1
      0000B2 01                     167 	.db #0x01	; 1
      0000B3 01                     168 	.db #0x01	; 1
      0000B4 02                     169 	.db #0x02	; 2
      0000B5 02                     170 	.db #0x02	; 2
      0000B6 02                     171 	.db #0x02	; 2
      0000B7 02                     172 	.db #0x02	; 2
      0000B8 03                     173 	.db #0x03	; 3
      0000B9 03                     174 	.db #0x03	; 3
      0000BA 03                     175 	.db #0x03	; 3
      0000BB 03                     176 	.db #0x03	; 3
      0000BC 04                     177 	.db #0x04	; 4
      0000BD 04                     178 	.db #0x04	; 4
      0000BE 04                     179 	.db #0x04	; 4
      0000BF 04                     180 	.db #0x04	; 4
      0000C0 05                     181 	.db #0x05	; 5
      0000C1 05                     182 	.db #0x05	; 5
      0000C2 05                     183 	.db #0x05	; 5
      0000C3 05                     184 	.db #0x05	; 5
      0000C4 06                     185 	.db #0x06	; 6
      0000C5 06                     186 	.db #0x06	; 6
      0000C6 06                     187 	.db #0x06	; 6
      0000C7 06                     188 	.db #0x06	; 6
      0000C8 07                     189 	.db #0x07	; 7
      0000C9 07                     190 	.db #0x07	; 7
      0000CA 07                     191 	.db #0x07	; 7
      0000CB 07                     192 	.db #0x07	; 7
      0000CC                        193 _bar_c:
      0000CC 00                     194 	.db #0x00	; 0
      0000CD 00                     195 	.db #0x00	; 0
      0000CE 00                     196 	.db #0x00	; 0
      0000CF 00                     197 	.db #0x00	; 0
      0000D0 00                     198 	.db #0x00	; 0
      0000D1 00                     199 	.db #0x00	; 0
      0000D2 00                     200 	.db #0x00	; 0
      0000D3 00                     201 	.db #0x00	; 0
      0000D4 00                     202 	.db #0x00	; 0
      0000D5 00                     203 	.db #0x00	; 0
      0000D6 00                     204 	.db #0x00	; 0
      0000D7 00                     205 	.db #0x00	; 0
      0000D8 00                     206 	.db #0x00	; 0
      0000D9 00                     207 	.db #0x00	; 0
      0000DA 00                     208 	.db #0x00	; 0
      0000DB 00                     209 	.db #0x00	; 0
      0000DC FF                     210 	.db #0xff	; 255
      0000DD 00                     211 	.db #0x00	; 0
      0000DE FF                     212 	.db #0xff	; 255
      0000DF 00                     213 	.db #0x00	; 0
      0000E0 FF                     214 	.db #0xff	; 255
      0000E1 00                     215 	.db #0x00	; 0
      0000E2 FF                     216 	.db #0xff	; 255
      0000E3 00                     217 	.db #0x00	; 0
      0000E4 FF                     218 	.db #0xff	; 255
      0000E5 00                     219 	.db #0x00	; 0
      0000E6 FF                     220 	.db #0xff	; 255
      0000E7 00                     221 	.db #0x00	; 0
      0000E8 FF                     222 	.db #0xff	; 255
      0000E9 00                     223 	.db #0x00	; 0
      0000EA FF                     224 	.db #0xff	; 255
      0000EB 00                     225 	.db #0x00	; 0
      0000EC 00                     226 	.db #0x00	; 0
      0000ED FF                     227 	.db #0xff	; 255
      0000EE 00                     228 	.db #0x00	; 0
      0000EF FF                     229 	.db #0xff	; 255
      0000F0 00                     230 	.db #0x00	; 0
      0000F1 FF                     231 	.db #0xff	; 255
      0000F2 00                     232 	.db #0x00	; 0
      0000F3 FF                     233 	.db #0xff	; 255
      0000F4 00                     234 	.db #0x00	; 0
      0000F5 FF                     235 	.db #0xff	; 255
      0000F6 00                     236 	.db #0x00	; 0
      0000F7 FF                     237 	.db #0xff	; 255
      0000F8 00                     238 	.db #0x00	; 0
      0000F9 FF                     239 	.db #0xff	; 255
      0000FA 00                     240 	.db #0x00	; 0
      0000FB FF                     241 	.db #0xff	; 255
      0000FC FF                     242 	.db #0xff	; 255
      0000FD FF                     243 	.db #0xff	; 255
      0000FE FF                     244 	.db #0xff	; 255
      0000FF FF                     245 	.db #0xff	; 255
      000100 FF                     246 	.db #0xff	; 255
      000101 FF                     247 	.db #0xff	; 255
      000102 FF                     248 	.db #0xff	; 255
      000103 FF                     249 	.db #0xff	; 255
      000104 FF                     250 	.db #0xff	; 255
      000105 FF                     251 	.db #0xff	; 255
      000106 FF                     252 	.db #0xff	; 255
      000107 FF                     253 	.db #0xff	; 255
      000108 FF                     254 	.db #0xff	; 255
      000109 FF                     255 	.db #0xff	; 255
      00010A FF                     256 	.db #0xff	; 255
      00010B FF                     257 	.db #0xff	; 255
      00010C 00                     258 	.db #0x00	; 0
      00010D 00                     259 	.db #0x00	; 0
      00010E 00                     260 	.db #0x00	; 0
      00010F 00                     261 	.db #0x00	; 0
      000110 00                     262 	.db #0x00	; 0
      000111 00                     263 	.db #0x00	; 0
      000112 00                     264 	.db #0x00	; 0
      000113 00                     265 	.db #0x00	; 0
      000114 00                     266 	.db #0x00	; 0
      000115 00                     267 	.db #0x00	; 0
      000116 00                     268 	.db #0x00	; 0
      000117 00                     269 	.db #0x00	; 0
      000118 00                     270 	.db #0x00	; 0
      000119 00                     271 	.db #0x00	; 0
      00011A 00                     272 	.db #0x00	; 0
      00011B 00                     273 	.db #0x00	; 0
      00011C FF                     274 	.db #0xff	; 255
      00011D 00                     275 	.db #0x00	; 0
      00011E FF                     276 	.db #0xff	; 255
      00011F 00                     277 	.db #0x00	; 0
      000120 FF                     278 	.db #0xff	; 255
      000121 00                     279 	.db #0x00	; 0
      000122 FF                     280 	.db #0xff	; 255
      000123 00                     281 	.db #0x00	; 0
      000124 FF                     282 	.db #0xff	; 255
      000125 00                     283 	.db #0x00	; 0
      000126 FF                     284 	.db #0xff	; 255
      000127 00                     285 	.db #0x00	; 0
      000128 FF                     286 	.db #0xff	; 255
      000129 00                     287 	.db #0x00	; 0
      00012A FF                     288 	.db #0xff	; 255
      00012B 00                     289 	.db #0x00	; 0
      00012C 00                     290 	.db #0x00	; 0
      00012D FF                     291 	.db #0xff	; 255
      00012E 00                     292 	.db #0x00	; 0
      00012F FF                     293 	.db #0xff	; 255
      000130 00                     294 	.db #0x00	; 0
      000131 FF                     295 	.db #0xff	; 255
      000132 00                     296 	.db #0x00	; 0
      000133 FF                     297 	.db #0xff	; 255
      000134 00                     298 	.db #0x00	; 0
      000135 FF                     299 	.db #0xff	; 255
      000136 00                     300 	.db #0x00	; 0
      000137 FF                     301 	.db #0xff	; 255
      000138 00                     302 	.db #0x00	; 0
      000139 FF                     303 	.db #0xff	; 255
      00013A 00                     304 	.db #0x00	; 0
      00013B FF                     305 	.db #0xff	; 255
      00013C FF                     306 	.db #0xff	; 255
      00013D FF                     307 	.db #0xff	; 255
      00013E FF                     308 	.db #0xff	; 255
      00013F FF                     309 	.db #0xff	; 255
      000140 FF                     310 	.db #0xff	; 255
      000141 FF                     311 	.db #0xff	; 255
      000142 FF                     312 	.db #0xff	; 255
      000143 FF                     313 	.db #0xff	; 255
      000144 FF                     314 	.db #0xff	; 255
      000145 FF                     315 	.db #0xff	; 255
      000146 FF                     316 	.db #0xff	; 255
      000147 FF                     317 	.db #0xff	; 255
      000148 FF                     318 	.db #0xff	; 255
      000149 FF                     319 	.db #0xff	; 255
      00014A FF                     320 	.db #0xff	; 255
      00014B FF                     321 	.db #0xff	; 255
      00014C 00                     322 	.db #0x00	; 0
      00014D 00                     323 	.db #0x00	; 0
      00014E 00                     324 	.db #0x00	; 0
      00014F 00                     325 	.db #0x00	; 0
      000150 00                     326 	.db #0x00	; 0
      000151 00                     327 	.db #0x00	; 0
      000152 00                     328 	.db #0x00	; 0
      000153 00                     329 	.db #0x00	; 0
      000154 00                     330 	.db #0x00	; 0
      000155 00                     331 	.db #0x00	; 0
      000156 00                     332 	.db #0x00	; 0
      000157 00                     333 	.db #0x00	; 0
      000158 00                     334 	.db #0x00	; 0
      000159 00                     335 	.db #0x00	; 0
      00015A 00                     336 	.db #0x00	; 0
      00015B 00                     337 	.db #0x00	; 0
      00015C FF                     338 	.db #0xff	; 255
      00015D 00                     339 	.db #0x00	; 0
      00015E FF                     340 	.db #0xff	; 255
      00015F 00                     341 	.db #0x00	; 0
      000160 FF                     342 	.db #0xff	; 255
      000161 00                     343 	.db #0x00	; 0
      000162 FF                     344 	.db #0xff	; 255
      000163 00                     345 	.db #0x00	; 0
      000164 FF                     346 	.db #0xff	; 255
      000165 00                     347 	.db #0x00	; 0
      000166 FF                     348 	.db #0xff	; 255
      000167 00                     349 	.db #0x00	; 0
      000168 FF                     350 	.db #0xff	; 255
      000169 00                     351 	.db #0x00	; 0
      00016A FF                     352 	.db #0xff	; 255
      00016B 00                     353 	.db #0x00	; 0
      00016C 00                     354 	.db #0x00	; 0
      00016D FF                     355 	.db #0xff	; 255
      00016E 00                     356 	.db #0x00	; 0
      00016F FF                     357 	.db #0xff	; 255
      000170 00                     358 	.db #0x00	; 0
      000171 FF                     359 	.db #0xff	; 255
      000172 00                     360 	.db #0x00	; 0
      000173 FF                     361 	.db #0xff	; 255
      000174 00                     362 	.db #0x00	; 0
      000175 FF                     363 	.db #0xff	; 255
      000176 00                     364 	.db #0x00	; 0
      000177 FF                     365 	.db #0xff	; 255
      000178 00                     366 	.db #0x00	; 0
      000179 FF                     367 	.db #0xff	; 255
      00017A 00                     368 	.db #0x00	; 0
      00017B FF                     369 	.db #0xff	; 255
      00017C FF                     370 	.db #0xff	; 255
      00017D FF                     371 	.db #0xff	; 255
      00017E FF                     372 	.db #0xff	; 255
      00017F FF                     373 	.db #0xff	; 255
      000180 FF                     374 	.db #0xff	; 255
      000181 FF                     375 	.db #0xff	; 255
      000182 FF                     376 	.db #0xff	; 255
      000183 FF                     377 	.db #0xff	; 255
      000184 FF                     378 	.db #0xff	; 255
      000185 FF                     379 	.db #0xff	; 255
      000186 FF                     380 	.db #0xff	; 255
      000187 FF                     381 	.db #0xff	; 255
      000188 FF                     382 	.db #0xff	; 255
      000189 FF                     383 	.db #0xff	; 255
      00018A FF                     384 	.db #0xff	; 255
      00018B FF                     385 	.db #0xff	; 255
      00018C 00                     386 	.db #0x00	; 0
      00018D 00                     387 	.db #0x00	; 0
      00018E 00                     388 	.db #0x00	; 0
      00018F 00                     389 	.db #0x00	; 0
      000190 00                     390 	.db #0x00	; 0
      000191 00                     391 	.db #0x00	; 0
      000192 00                     392 	.db #0x00	; 0
      000193 00                     393 	.db #0x00	; 0
      000194 00                     394 	.db #0x00	; 0
      000195 00                     395 	.db #0x00	; 0
      000196 00                     396 	.db #0x00	; 0
      000197 00                     397 	.db #0x00	; 0
      000198 00                     398 	.db #0x00	; 0
      000199 00                     399 	.db #0x00	; 0
      00019A 00                     400 	.db #0x00	; 0
      00019B 00                     401 	.db #0x00	; 0
      00019C FF                     402 	.db #0xff	; 255
      00019D 00                     403 	.db #0x00	; 0
      00019E FF                     404 	.db #0xff	; 255
      00019F 00                     405 	.db #0x00	; 0
      0001A0 FF                     406 	.db #0xff	; 255
      0001A1 00                     407 	.db #0x00	; 0
      0001A2 FF                     408 	.db #0xff	; 255
      0001A3 00                     409 	.db #0x00	; 0
      0001A4 FF                     410 	.db #0xff	; 255
      0001A5 00                     411 	.db #0x00	; 0
      0001A6 FF                     412 	.db #0xff	; 255
      0001A7 00                     413 	.db #0x00	; 0
      0001A8 FF                     414 	.db #0xff	; 255
      0001A9 00                     415 	.db #0x00	; 0
      0001AA FF                     416 	.db #0xff	; 255
      0001AB 00                     417 	.db #0x00	; 0
      0001AC 00                     418 	.db #0x00	; 0
      0001AD FF                     419 	.db #0xff	; 255
      0001AE 00                     420 	.db #0x00	; 0
      0001AF FF                     421 	.db #0xff	; 255
      0001B0 00                     422 	.db #0x00	; 0
      0001B1 FF                     423 	.db #0xff	; 255
      0001B2 00                     424 	.db #0x00	; 0
      0001B3 FF                     425 	.db #0xff	; 255
      0001B4 00                     426 	.db #0x00	; 0
      0001B5 FF                     427 	.db #0xff	; 255
      0001B6 00                     428 	.db #0x00	; 0
      0001B7 FF                     429 	.db #0xff	; 255
      0001B8 00                     430 	.db #0x00	; 0
      0001B9 FF                     431 	.db #0xff	; 255
      0001BA 00                     432 	.db #0x00	; 0
      0001BB FF                     433 	.db #0xff	; 255
      0001BC FF                     434 	.db #0xff	; 255
      0001BD FF                     435 	.db #0xff	; 255
      0001BE FF                     436 	.db #0xff	; 255
      0001BF FF                     437 	.db #0xff	; 255
      0001C0 FF                     438 	.db #0xff	; 255
      0001C1 FF                     439 	.db #0xff	; 255
      0001C2 FF                     440 	.db #0xff	; 255
      0001C3 FF                     441 	.db #0xff	; 255
      0001C4 FF                     442 	.db #0xff	; 255
      0001C5 FF                     443 	.db #0xff	; 255
      0001C6 FF                     444 	.db #0xff	; 255
      0001C7 FF                     445 	.db #0xff	; 255
      0001C8 FF                     446 	.db #0xff	; 255
      0001C9 FF                     447 	.db #0xff	; 255
      0001CA FF                     448 	.db #0xff	; 255
      0001CB FF                     449 	.db #0xff	; 255
      0001CC 00                     450 	.db #0x00	; 0
      0001CD 00                     451 	.db #0x00	; 0
      0001CE 00                     452 	.db #0x00	; 0
      0001CF 00                     453 	.db #0x00	; 0
      0001D0 00                     454 	.db #0x00	; 0
      0001D1 00                     455 	.db #0x00	; 0
      0001D2 00                     456 	.db #0x00	; 0
      0001D3 00                     457 	.db #0x00	; 0
      0001D4 00                     458 	.db #0x00	; 0
      0001D5 00                     459 	.db #0x00	; 0
      0001D6 00                     460 	.db #0x00	; 0
      0001D7 00                     461 	.db #0x00	; 0
      0001D8 00                     462 	.db #0x00	; 0
      0001D9 00                     463 	.db #0x00	; 0
      0001DA 00                     464 	.db #0x00	; 0
      0001DB 00                     465 	.db #0x00	; 0
      0001DC FF                     466 	.db #0xff	; 255
      0001DD 00                     467 	.db #0x00	; 0
      0001DE FF                     468 	.db #0xff	; 255
      0001DF 00                     469 	.db #0x00	; 0
      0001E0 FF                     470 	.db #0xff	; 255
      0001E1 00                     471 	.db #0x00	; 0
      0001E2 FF                     472 	.db #0xff	; 255
      0001E3 00                     473 	.db #0x00	; 0
      0001E4 FF                     474 	.db #0xff	; 255
      0001E5 00                     475 	.db #0x00	; 0
      0001E6 FF                     476 	.db #0xff	; 255
      0001E7 00                     477 	.db #0x00	; 0
      0001E8 FF                     478 	.db #0xff	; 255
      0001E9 00                     479 	.db #0x00	; 0
      0001EA FF                     480 	.db #0xff	; 255
      0001EB 00                     481 	.db #0x00	; 0
      0001EC 00                     482 	.db #0x00	; 0
      0001ED FF                     483 	.db #0xff	; 255
      0001EE 00                     484 	.db #0x00	; 0
      0001EF FF                     485 	.db #0xff	; 255
      0001F0 00                     486 	.db #0x00	; 0
      0001F1 FF                     487 	.db #0xff	; 255
      0001F2 00                     488 	.db #0x00	; 0
      0001F3 FF                     489 	.db #0xff	; 255
      0001F4 00                     490 	.db #0x00	; 0
      0001F5 FF                     491 	.db #0xff	; 255
      0001F6 00                     492 	.db #0x00	; 0
      0001F7 FF                     493 	.db #0xff	; 255
      0001F8 00                     494 	.db #0x00	; 0
      0001F9 FF                     495 	.db #0xff	; 255
      0001FA 00                     496 	.db #0x00	; 0
      0001FB FF                     497 	.db #0xff	; 255
      0001FC FF                     498 	.db #0xff	; 255
      0001FD FF                     499 	.db #0xff	; 255
      0001FE FF                     500 	.db #0xff	; 255
      0001FF FF                     501 	.db #0xff	; 255
      000200 FF                     502 	.db #0xff	; 255
      000201 FF                     503 	.db #0xff	; 255
      000202 FF                     504 	.db #0xff	; 255
      000203 FF                     505 	.db #0xff	; 255
      000204 FF                     506 	.db #0xff	; 255
      000205 FF                     507 	.db #0xff	; 255
      000206 FF                     508 	.db #0xff	; 255
      000207 FF                     509 	.db #0xff	; 255
      000208 FF                     510 	.db #0xff	; 255
      000209 FF                     511 	.db #0xff	; 255
      00020A FF                     512 	.db #0xff	; 255
      00020B FF                     513 	.db #0xff	; 255
      00020C 00                     514 	.db #0x00	; 0
      00020D 00                     515 	.db #0x00	; 0
      00020E 00                     516 	.db #0x00	; 0
      00020F 00                     517 	.db #0x00	; 0
      000210 00                     518 	.db #0x00	; 0
      000211 00                     519 	.db #0x00	; 0
      000212 00                     520 	.db #0x00	; 0
      000213 00                     521 	.db #0x00	; 0
      000214 00                     522 	.db #0x00	; 0
      000215 00                     523 	.db #0x00	; 0
      000216 00                     524 	.db #0x00	; 0
      000217 00                     525 	.db #0x00	; 0
      000218 00                     526 	.db #0x00	; 0
      000219 00                     527 	.db #0x00	; 0
      00021A 00                     528 	.db #0x00	; 0
      00021B 00                     529 	.db #0x00	; 0
      00021C FF                     530 	.db #0xff	; 255
      00021D 00                     531 	.db #0x00	; 0
      00021E FF                     532 	.db #0xff	; 255
      00021F 00                     533 	.db #0x00	; 0
      000220 FF                     534 	.db #0xff	; 255
      000221 00                     535 	.db #0x00	; 0
      000222 FF                     536 	.db #0xff	; 255
      000223 00                     537 	.db #0x00	; 0
      000224 FF                     538 	.db #0xff	; 255
      000225 00                     539 	.db #0x00	; 0
      000226 FF                     540 	.db #0xff	; 255
      000227 00                     541 	.db #0x00	; 0
      000228 FF                     542 	.db #0xff	; 255
      000229 00                     543 	.db #0x00	; 0
      00022A FF                     544 	.db #0xff	; 255
      00022B 00                     545 	.db #0x00	; 0
      00022C 00                     546 	.db #0x00	; 0
      00022D FF                     547 	.db #0xff	; 255
      00022E 00                     548 	.db #0x00	; 0
      00022F FF                     549 	.db #0xff	; 255
      000230 00                     550 	.db #0x00	; 0
      000231 FF                     551 	.db #0xff	; 255
      000232 00                     552 	.db #0x00	; 0
      000233 FF                     553 	.db #0xff	; 255
      000234 00                     554 	.db #0x00	; 0
      000235 FF                     555 	.db #0xff	; 255
      000236 00                     556 	.db #0x00	; 0
      000237 FF                     557 	.db #0xff	; 255
      000238 00                     558 	.db #0x00	; 0
      000239 FF                     559 	.db #0xff	; 255
      00023A 00                     560 	.db #0x00	; 0
      00023B FF                     561 	.db #0xff	; 255
      00023C FF                     562 	.db #0xff	; 255
      00023D FF                     563 	.db #0xff	; 255
      00023E FF                     564 	.db #0xff	; 255
      00023F FF                     565 	.db #0xff	; 255
      000240 FF                     566 	.db #0xff	; 255
      000241 FF                     567 	.db #0xff	; 255
      000242 FF                     568 	.db #0xff	; 255
      000243 FF                     569 	.db #0xff	; 255
      000244 FF                     570 	.db #0xff	; 255
      000245 FF                     571 	.db #0xff	; 255
      000246 FF                     572 	.db #0xff	; 255
      000247 FF                     573 	.db #0xff	; 255
      000248 FF                     574 	.db #0xff	; 255
      000249 FF                     575 	.db #0xff	; 255
      00024A FF                     576 	.db #0xff	; 255
      00024B FF                     577 	.db #0xff	; 255
      00024C 00                     578 	.db #0x00	; 0
      00024D 00                     579 	.db #0x00	; 0
      00024E 00                     580 	.db #0x00	; 0
      00024F 00                     581 	.db #0x00	; 0
      000250 00                     582 	.db #0x00	; 0
      000251 00                     583 	.db #0x00	; 0
      000252 00                     584 	.db #0x00	; 0
      000253 00                     585 	.db #0x00	; 0
      000254 00                     586 	.db #0x00	; 0
      000255 00                     587 	.db #0x00	; 0
      000256 00                     588 	.db #0x00	; 0
      000257 00                     589 	.db #0x00	; 0
      000258 00                     590 	.db #0x00	; 0
      000259 00                     591 	.db #0x00	; 0
      00025A 00                     592 	.db #0x00	; 0
      00025B 00                     593 	.db #0x00	; 0
      00025C FF                     594 	.db #0xff	; 255
      00025D 00                     595 	.db #0x00	; 0
      00025E FF                     596 	.db #0xff	; 255
      00025F 00                     597 	.db #0x00	; 0
      000260 FF                     598 	.db #0xff	; 255
      000261 00                     599 	.db #0x00	; 0
      000262 FF                     600 	.db #0xff	; 255
      000263 00                     601 	.db #0x00	; 0
      000264 FF                     602 	.db #0xff	; 255
      000265 00                     603 	.db #0x00	; 0
      000266 FF                     604 	.db #0xff	; 255
      000267 00                     605 	.db #0x00	; 0
      000268 FF                     606 	.db #0xff	; 255
      000269 00                     607 	.db #0x00	; 0
      00026A FF                     608 	.db #0xff	; 255
      00026B 00                     609 	.db #0x00	; 0
      00026C 00                     610 	.db #0x00	; 0
      00026D FF                     611 	.db #0xff	; 255
      00026E 00                     612 	.db #0x00	; 0
      00026F FF                     613 	.db #0xff	; 255
      000270 00                     614 	.db #0x00	; 0
      000271 FF                     615 	.db #0xff	; 255
      000272 00                     616 	.db #0x00	; 0
      000273 FF                     617 	.db #0xff	; 255
      000274 00                     618 	.db #0x00	; 0
      000275 FF                     619 	.db #0xff	; 255
      000276 00                     620 	.db #0x00	; 0
      000277 FF                     621 	.db #0xff	; 255
      000278 00                     622 	.db #0x00	; 0
      000279 FF                     623 	.db #0xff	; 255
      00027A 00                     624 	.db #0x00	; 0
      00027B FF                     625 	.db #0xff	; 255
      00027C FF                     626 	.db #0xff	; 255
      00027D FF                     627 	.db #0xff	; 255
      00027E FF                     628 	.db #0xff	; 255
      00027F FF                     629 	.db #0xff	; 255
      000280 FF                     630 	.db #0xff	; 255
      000281 FF                     631 	.db #0xff	; 255
      000282 FF                     632 	.db #0xff	; 255
      000283 FF                     633 	.db #0xff	; 255
      000284 FF                     634 	.db #0xff	; 255
      000285 FF                     635 	.db #0xff	; 255
      000286 FF                     636 	.db #0xff	; 255
      000287 FF                     637 	.db #0xff	; 255
      000288 FF                     638 	.db #0xff	; 255
      000289 FF                     639 	.db #0xff	; 255
      00028A FF                     640 	.db #0xff	; 255
      00028B FF                     641 	.db #0xff	; 255
      00028C 00                     642 	.db #0x00	; 0
      00028D 00                     643 	.db #0x00	; 0
      00028E 00                     644 	.db #0x00	; 0
      00028F 00                     645 	.db #0x00	; 0
      000290 00                     646 	.db #0x00	; 0
      000291 00                     647 	.db #0x00	; 0
      000292 00                     648 	.db #0x00	; 0
      000293 00                     649 	.db #0x00	; 0
      000294 00                     650 	.db #0x00	; 0
      000295 00                     651 	.db #0x00	; 0
      000296 00                     652 	.db #0x00	; 0
      000297 00                     653 	.db #0x00	; 0
      000298 00                     654 	.db #0x00	; 0
      000299 00                     655 	.db #0x00	; 0
      00029A 00                     656 	.db #0x00	; 0
      00029B 00                     657 	.db #0x00	; 0
      00029C FF                     658 	.db #0xff	; 255
      00029D 00                     659 	.db #0x00	; 0
      00029E FF                     660 	.db #0xff	; 255
      00029F 00                     661 	.db #0x00	; 0
      0002A0 FF                     662 	.db #0xff	; 255
      0002A1 00                     663 	.db #0x00	; 0
      0002A2 FF                     664 	.db #0xff	; 255
      0002A3 00                     665 	.db #0x00	; 0
      0002A4 FF                     666 	.db #0xff	; 255
      0002A5 00                     667 	.db #0x00	; 0
      0002A6 FF                     668 	.db #0xff	; 255
      0002A7 00                     669 	.db #0x00	; 0
      0002A8 FF                     670 	.db #0xff	; 255
      0002A9 00                     671 	.db #0x00	; 0
      0002AA FF                     672 	.db #0xff	; 255
      0002AB 00                     673 	.db #0x00	; 0
      0002AC 00                     674 	.db #0x00	; 0
      0002AD FF                     675 	.db #0xff	; 255
      0002AE 00                     676 	.db #0x00	; 0
      0002AF FF                     677 	.db #0xff	; 255
      0002B0 00                     678 	.db #0x00	; 0
      0002B1 FF                     679 	.db #0xff	; 255
      0002B2 00                     680 	.db #0x00	; 0
      0002B3 FF                     681 	.db #0xff	; 255
      0002B4 00                     682 	.db #0x00	; 0
      0002B5 FF                     683 	.db #0xff	; 255
      0002B6 00                     684 	.db #0x00	; 0
      0002B7 FF                     685 	.db #0xff	; 255
      0002B8 00                     686 	.db #0x00	; 0
      0002B9 FF                     687 	.db #0xff	; 255
      0002BA 00                     688 	.db #0x00	; 0
      0002BB FF                     689 	.db #0xff	; 255
      0002BC FF                     690 	.db #0xff	; 255
      0002BD FF                     691 	.db #0xff	; 255
      0002BE FF                     692 	.db #0xff	; 255
      0002BF FF                     693 	.db #0xff	; 255
      0002C0 FF                     694 	.db #0xff	; 255
      0002C1 FF                     695 	.db #0xff	; 255
      0002C2 FF                     696 	.db #0xff	; 255
      0002C3 FF                     697 	.db #0xff	; 255
      0002C4 FF                     698 	.db #0xff	; 255
      0002C5 FF                     699 	.db #0xff	; 255
      0002C6 FF                     700 	.db #0xff	; 255
      0002C7 FF                     701 	.db #0xff	; 255
      0002C8 FF                     702 	.db #0xff	; 255
      0002C9 FF                     703 	.db #0xff	; 255
      0002CA FF                     704 	.db #0xff	; 255
      0002CB FF                     705 	.db #0xff	; 255
      0002CC                        706 _bar_m:
      0002CC 1F                     707 	.db #0x1f	; 31
      0002CD 1F                     708 	.db #0x1f	; 31
      0002CE 12                     709 	.db #0x12	; 18
      0002CF 12                     710 	.db #0x12	; 18
      0002D0 12                     711 	.db #0x12	; 18
      0002D1 1B                     712 	.db #0x1b	; 27
      0002D2 1B                     713 	.db #0x1b	; 27
      0002D3 1B                     714 	.db #0x1b	; 27
      0002D4 08                     715 	.db #0x08	; 8
      0002D5 08                     716 	.db #0x08	; 8
      0002D6 08                     717 	.db #0x08	; 8
      0002D7 16                     718 	.db #0x16	; 22
      0002D8 16                     719 	.db #0x16	; 22
      0002D9 16                     720 	.db #0x16	; 22
      0002DA 07                     721 	.db #0x07	; 7
      0002DB 07                     722 	.db #0x07	; 7
      0002DC 07                     723 	.db #0x07	; 7
      0002DD 0C                     724 	.db #0x0c	; 12
      0002DE 0C                     725 	.db #0x0c	; 12
      0002DF 0C                     726 	.db #0x0c	; 12
      0002E0 1E                     727 	.db #0x1e	; 30
      0002E1 1E                     728 	.db #0x1e	; 30
      0002E2 13                     729 	.db #0x13	; 19
      0002E3 13                     730 	.db #0x13	; 19
      0002E4 13                     731 	.db #0x13	; 19
      0002E5 18                     732 	.db #0x18	; 24
      0002E6 18                     733 	.db #0x18	; 24
      0002E7 18                     734 	.db #0x18	; 24
      0002E8 09                     735 	.db #0x09	; 9
      0002E9 09                     736 	.db #0x09	; 9
      0002EA 09                     737 	.db #0x09	; 9
      0002EB 17                     738 	.db #0x17	; 23
      0002EC 17                     739 	.db #0x17	; 23
      0002ED 17                     740 	.db #0x17	; 23
      0002EE 04                     741 	.db #0x04	; 4
      0002EF 04                     742 	.db #0x04	; 4
      0002F0 04                     743 	.db #0x04	; 4
      0002F1 0D                     744 	.db #0x0d	; 13
      0002F2 0D                     745 	.db #0x0d	; 13
      0002F3 0D                     746 	.db #0x0d	; 13
      0002F4 1D                     747 	.db #0x1d	; 29
      0002F5 1D                     748 	.db #0x1d	; 29
      0002F6 10                     749 	.db #0x10	; 16
      0002F7 10                     750 	.db #0x10	; 16
      0002F8 10                     751 	.db #0x10	; 16
      0002F9 19                     752 	.db #0x19	; 25
      0002FA 19                     753 	.db #0x19	; 25
      0002FB 19                     754 	.db #0x19	; 25
      0002FC 0A                     755 	.db #0x0a	; 10
      0002FD 0A                     756 	.db #0x0a	; 10
      0002FE 0A                     757 	.db #0x0a	; 10
      0002FF 14                     758 	.db #0x14	; 20
      000300 14                     759 	.db #0x14	; 20
      000301 14                     760 	.db #0x14	; 20
      000302 05                     761 	.db #0x05	; 5
      000303 05                     762 	.db #0x05	; 5
      000304 05                     763 	.db #0x05	; 5
      000305 0E                     764 	.db #0x0e	; 14
      000306 0E                     765 	.db #0x0e	; 14
      000307 0E                     766 	.db #0x0e	; 14
      000308 1C                     767 	.db #0x1c	; 28
      000309 1C                     768 	.db #0x1c	; 28
      00030A 11                     769 	.db #0x11	; 17
      00030B 11                     770 	.db #0x11	; 17
      00030C 11                     771 	.db #0x11	; 17
      00030D 1A                     772 	.db #0x1a	; 26
      00030E 1A                     773 	.db #0x1a	; 26
      00030F 1A                     774 	.db #0x1a	; 26
      000310 0B                     775 	.db #0x0b	; 11
      000311 0B                     776 	.db #0x0b	; 11
      000312 0B                     777 	.db #0x0b	; 11
      000313 15                     778 	.db #0x15	; 21
      000314 15                     779 	.db #0x15	; 21
      000315 15                     780 	.db #0x15	; 21
      000316 06                     781 	.db #0x06	; 6
      000317 06                     782 	.db #0x06	; 6
      000318 06                     783 	.db #0x06	; 6
      000319 0F                     784 	.db #0x0f	; 15
      00031A 0F                     785 	.db #0x0f	; 15
      00031B 0F                     786 	.db #0x0f	; 15
      00031C 1C                     787 	.db #0x1c	; 28
      00031D 1C                     788 	.db #0x1c	; 28
      00031E 11                     789 	.db #0x11	; 17
      00031F 11                     790 	.db #0x11	; 17
      000320 11                     791 	.db #0x11	; 17
      000321 1A                     792 	.db #0x1a	; 26
      000322 1A                     793 	.db #0x1a	; 26
      000323 1A                     794 	.db #0x1a	; 26
      000324 0B                     795 	.db #0x0b	; 11
      000325 0B                     796 	.db #0x0b	; 11
      000326 0B                     797 	.db #0x0b	; 11
      000327 15                     798 	.db #0x15	; 21
      000328 15                     799 	.db #0x15	; 21
      000329 15                     800 	.db #0x15	; 21
      00032A 06                     801 	.db #0x06	; 6
      00032B 06                     802 	.db #0x06	; 6
      00032C 06                     803 	.db #0x06	; 6
      00032D 0F                     804 	.db #0x0f	; 15
      00032E 0F                     805 	.db #0x0f	; 15
      00032F 0F                     806 	.db #0x0f	; 15
      000330 1C                     807 	.db #0x1c	; 28
      000331 1C                     808 	.db #0x1c	; 28
      000332 11                     809 	.db #0x11	; 17
      000333 11                     810 	.db #0x11	; 17
      000334 11                     811 	.db #0x11	; 17
      000335 1A                     812 	.db #0x1a	; 26
      000336 1A                     813 	.db #0x1a	; 26
      000337 1A                     814 	.db #0x1a	; 26
      000338 0B                     815 	.db #0x0b	; 11
      000339 0B                     816 	.db #0x0b	; 11
      00033A 0B                     817 	.db #0x0b	; 11
      00033B 15                     818 	.db #0x15	; 21
      00033C 15                     819 	.db #0x15	; 21
      00033D 15                     820 	.db #0x15	; 21
      00033E 06                     821 	.db #0x06	; 6
      00033F 06                     822 	.db #0x06	; 6
      000340 06                     823 	.db #0x06	; 6
      000341 0F                     824 	.db #0x0f	; 15
      000342 0F                     825 	.db #0x0f	; 15
      000343 0F                     826 	.db #0x0f	; 15
      000344 1C                     827 	.db #0x1c	; 28
      000345 1C                     828 	.db #0x1c	; 28
      000346 11                     829 	.db #0x11	; 17
      000347 11                     830 	.db #0x11	; 17
      000348 11                     831 	.db #0x11	; 17
      000349 1A                     832 	.db #0x1a	; 26
      00034A 1A                     833 	.db #0x1a	; 26
      00034B 1A                     834 	.db #0x1a	; 26
      00034C 0B                     835 	.db #0x0b	; 11
      00034D 0B                     836 	.db #0x0b	; 11
      00034E 0B                     837 	.db #0x0b	; 11
      00034F 15                     838 	.db #0x15	; 21
      000350 15                     839 	.db #0x15	; 21
      000351 15                     840 	.db #0x15	; 21
      000352 06                     841 	.db #0x06	; 6
      000353 06                     842 	.db #0x06	; 6
      000354 06                     843 	.db #0x06	; 6
      000355 0F                     844 	.db #0x0f	; 15
      000356 0F                     845 	.db #0x0f	; 15
      000357 0F                     846 	.db #0x0f	; 15
      000358 1C                     847 	.db #0x1c	; 28
      000359 1C                     848 	.db #0x1c	; 28
      00035A 11                     849 	.db #0x11	; 17
      00035B 11                     850 	.db #0x11	; 17
      00035C 11                     851 	.db #0x11	; 17
      00035D 1A                     852 	.db #0x1a	; 26
      00035E 1A                     853 	.db #0x1a	; 26
      00035F 1A                     854 	.db #0x1a	; 26
      000360 0B                     855 	.db #0x0b	; 11
      000361 0B                     856 	.db #0x0b	; 11
      000362 0B                     857 	.db #0x0b	; 11
      000363 15                     858 	.db #0x15	; 21
      000364 15                     859 	.db #0x15	; 21
      000365 15                     860 	.db #0x15	; 21
      000366 06                     861 	.db #0x06	; 6
      000367 06                     862 	.db #0x06	; 6
      000368 06                     863 	.db #0x06	; 6
      000369 0F                     864 	.db #0x0f	; 15
      00036A 0F                     865 	.db #0x0f	; 15
      00036B 0F                     866 	.db #0x0f	; 15
      00036C 1C                     867 	.db #0x1c	; 28
      00036D 1C                     868 	.db #0x1c	; 28
      00036E 11                     869 	.db #0x11	; 17
      00036F 11                     870 	.db #0x11	; 17
      000370 11                     871 	.db #0x11	; 17
      000371 1A                     872 	.db #0x1a	; 26
      000372 1A                     873 	.db #0x1a	; 26
      000373 1A                     874 	.db #0x1a	; 26
      000374 0B                     875 	.db #0x0b	; 11
      000375 0B                     876 	.db #0x0b	; 11
      000376 0B                     877 	.db #0x0b	; 11
      000377 15                     878 	.db #0x15	; 21
      000378 15                     879 	.db #0x15	; 21
      000379 15                     880 	.db #0x15	; 21
      00037A 06                     881 	.db #0x06	; 6
      00037B 06                     882 	.db #0x06	; 6
      00037C 06                     883 	.db #0x06	; 6
      00037D 0F                     884 	.db #0x0f	; 15
      00037E 0F                     885 	.db #0x0f	; 15
      00037F 0F                     886 	.db #0x0f	; 15
      000380 1C                     887 	.db #0x1c	; 28
      000381 1C                     888 	.db #0x1c	; 28
      000382 11                     889 	.db #0x11	; 17
      000383 11                     890 	.db #0x11	; 17
      000384 11                     891 	.db #0x11	; 17
      000385 1A                     892 	.db #0x1a	; 26
      000386 1A                     893 	.db #0x1a	; 26
      000387 1A                     894 	.db #0x1a	; 26
      000388 0B                     895 	.db #0x0b	; 11
      000389 0B                     896 	.db #0x0b	; 11
      00038A 0B                     897 	.db #0x0b	; 11
      00038B 15                     898 	.db #0x15	; 21
      00038C 15                     899 	.db #0x15	; 21
      00038D 15                     900 	.db #0x15	; 21
      00038E 06                     901 	.db #0x06	; 6
      00038F 06                     902 	.db #0x06	; 6
      000390 06                     903 	.db #0x06	; 6
      000391 0F                     904 	.db #0x0f	; 15
      000392 0F                     905 	.db #0x0f	; 15
      000393 0F                     906 	.db #0x0f	; 15
      000394 1C                     907 	.db #0x1c	; 28
      000395 1C                     908 	.db #0x1c	; 28
      000396 11                     909 	.db #0x11	; 17
      000397 11                     910 	.db #0x11	; 17
      000398 11                     911 	.db #0x11	; 17
      000399 1A                     912 	.db #0x1a	; 26
      00039A 1A                     913 	.db #0x1a	; 26
      00039B 1A                     914 	.db #0x1a	; 26
      00039C 0B                     915 	.db #0x0b	; 11
      00039D 0B                     916 	.db #0x0b	; 11
      00039E 0B                     917 	.db #0x0b	; 11
      00039F 15                     918 	.db #0x15	; 21
      0003A0 15                     919 	.db #0x15	; 21
      0003A1 15                     920 	.db #0x15	; 21
      0003A2 06                     921 	.db #0x06	; 6
      0003A3 06                     922 	.db #0x06	; 6
      0003A4 06                     923 	.db #0x06	; 6
      0003A5 0F                     924 	.db #0x0f	; 15
      0003A6 0F                     925 	.db #0x0f	; 15
      0003A7 0F                     926 	.db #0x0f	; 15
      0003A8 1C                     927 	.db #0x1c	; 28
      0003A9 1C                     928 	.db #0x1c	; 28
      0003AA 11                     929 	.db #0x11	; 17
      0003AB 11                     930 	.db #0x11	; 17
      0003AC 11                     931 	.db #0x11	; 17
      0003AD 1A                     932 	.db #0x1a	; 26
      0003AE 1A                     933 	.db #0x1a	; 26
      0003AF 1A                     934 	.db #0x1a	; 26
      0003B0 0B                     935 	.db #0x0b	; 11
      0003B1 0B                     936 	.db #0x0b	; 11
      0003B2 0B                     937 	.db #0x0b	; 11
      0003B3 15                     938 	.db #0x15	; 21
      0003B4 15                     939 	.db #0x15	; 21
      0003B5 15                     940 	.db #0x15	; 21
      0003B6 06                     941 	.db #0x06	; 6
      0003B7 06                     942 	.db #0x06	; 6
      0003B8 06                     943 	.db #0x06	; 6
      0003B9 0F                     944 	.db #0x0f	; 15
      0003BA 0F                     945 	.db #0x0f	; 15
      0003BB 0F                     946 	.db #0x0f	; 15
      0003BC 1C                     947 	.db #0x1c	; 28
      0003BD 1C                     948 	.db #0x1c	; 28
      0003BE 11                     949 	.db #0x11	; 17
      0003BF 11                     950 	.db #0x11	; 17
      0003C0 11                     951 	.db #0x11	; 17
      0003C1 1A                     952 	.db #0x1a	; 26
      0003C2 1A                     953 	.db #0x1a	; 26
      0003C3 1A                     954 	.db #0x1a	; 26
      0003C4 0B                     955 	.db #0x0b	; 11
      0003C5 0B                     956 	.db #0x0b	; 11
      0003C6 0B                     957 	.db #0x0b	; 11
      0003C7 15                     958 	.db #0x15	; 21
      0003C8 15                     959 	.db #0x15	; 21
      0003C9 15                     960 	.db #0x15	; 21
      0003CA 06                     961 	.db #0x06	; 6
      0003CB 06                     962 	.db #0x06	; 6
      0003CC 06                     963 	.db #0x06	; 6
      0003CD 0F                     964 	.db #0x0f	; 15
      0003CE 0F                     965 	.db #0x0f	; 15
      0003CF 0F                     966 	.db #0x0f	; 15
      0003D0 1C                     967 	.db #0x1c	; 28
      0003D1 1C                     968 	.db #0x1c	; 28
      0003D2 11                     969 	.db #0x11	; 17
      0003D3 11                     970 	.db #0x11	; 17
      0003D4 11                     971 	.db #0x11	; 17
      0003D5 1A                     972 	.db #0x1a	; 26
      0003D6 1A                     973 	.db #0x1a	; 26
      0003D7 1A                     974 	.db #0x1a	; 26
      0003D8 0B                     975 	.db #0x0b	; 11
      0003D9 0B                     976 	.db #0x0b	; 11
      0003DA 0B                     977 	.db #0x0b	; 11
      0003DB 15                     978 	.db #0x15	; 21
      0003DC 15                     979 	.db #0x15	; 21
      0003DD 15                     980 	.db #0x15	; 21
      0003DE 06                     981 	.db #0x06	; 6
      0003DF 06                     982 	.db #0x06	; 6
      0003E0 06                     983 	.db #0x06	; 6
      0003E1 0F                     984 	.db #0x0f	; 15
      0003E2 0F                     985 	.db #0x0f	; 15
      0003E3 0F                     986 	.db #0x0f	; 15
      0003E4 0F                     987 	.db #0x0f	; 15
      0003E5 0F                     988 	.db #0x0f	; 15
      0003E6 03                     989 	.db #0x03	; 3
      0003E7 03                     990 	.db #0x03	; 3
      0003E8 03                     991 	.db #0x03	; 3
      0003E9 15                     992 	.db #0x15	; 21
      0003EA 15                     993 	.db #0x15	; 21
      0003EB 15                     994 	.db #0x15	; 21
      0003EC 03                     995 	.db #0x03	; 3
      0003ED 03                     996 	.db #0x03	; 3
      0003EE 03                     997 	.db #0x03	; 3
      0003EF 1A                     998 	.db #0x1a	; 26
      0003F0 1A                     999 	.db #0x1a	; 26
      0003F1 1A                    1000 	.db #0x1a	; 26
      0003F2 03                    1001 	.db #0x03	; 3
      0003F3 03                    1002 	.db #0x03	; 3
      0003F4 03                    1003 	.db #0x03	; 3
      0003F5 1C                    1004 	.db #0x1c	; 28
      0003F6 1C                    1005 	.db #0x1c	; 28
      0003F7 1C                    1006 	.db #0x1c	; 28
      0003F8 0D                    1007 	.db #0x0d	; 13
      0003F9 0D                    1008 	.db #0x0d	; 13
      0003FA 0D                    1009 	.db #0x0d	; 13
      0003FB 0D                    1010 	.db #0x0d	; 13
      0003FC 00                    1011 	.db #0x00	; 0
      0003FD 00                    1012 	.db #0x00	; 0
      0003FE 00                    1013 	.db #0x00	; 0
      0003FF 00                    1014 	.db #0x00	; 0
      000400 16                    1015 	.db #0x16	; 22
      000401 16                    1016 	.db #0x16	; 22
      000402 16                    1017 	.db #0x16	; 22
      000403 16                    1018 	.db #0x16	; 22
      000404 03                    1019 	.db #0x03	; 3
      000405 03                    1020 	.db #0x03	; 3
      000406 03                    1021 	.db #0x03	; 3
      000407 03                    1022 	.db #0x03	; 3
      000408 03                    1023 	.db #0x03	; 3
      000409 03                    1024 	.db #0x03	; 3
      00040A 03                    1025 	.db #0x03	; 3
      00040B 03                    1026 	.db #0x03	; 3
      00040C 0D                    1027 	.db #0x0d	; 13
      00040D 0D                    1028 	.db #0x0d	; 13
      00040E 0D                    1029 	.db #0x0d	; 13
      00040F 0D                    1030 	.db #0x0d	; 13
      000410 00                    1031 	.db #0x00	; 0
      000411 00                    1032 	.db #0x00	; 0
      000412 00                    1033 	.db #0x00	; 0
      000413 00                    1034 	.db #0x00	; 0
      000414 16                    1035 	.db #0x16	; 22
      000415 16                    1036 	.db #0x16	; 22
      000416 16                    1037 	.db #0x16	; 22
      000417 16                    1038 	.db #0x16	; 22
      000418 03                    1039 	.db #0x03	; 3
      000419 03                    1040 	.db #0x03	; 3
      00041A 03                    1041 	.db #0x03	; 3
      00041B 03                    1042 	.db #0x03	; 3
      00041C 03                    1043 	.db #0x03	; 3
      00041D 03                    1044 	.db #0x03	; 3
      00041E 03                    1045 	.db #0x03	; 3
      00041F 03                    1046 	.db #0x03	; 3
      000420 0D                    1047 	.db #0x0d	; 13
      000421 0D                    1048 	.db #0x0d	; 13
      000422 0D                    1049 	.db #0x0d	; 13
      000423 0D                    1050 	.db #0x0d	; 13
      000424 00                    1051 	.db #0x00	; 0
      000425 00                    1052 	.db #0x00	; 0
      000426 00                    1053 	.db #0x00	; 0
      000427 00                    1054 	.db #0x00	; 0
      000428 16                    1055 	.db #0x16	; 22
      000429 16                    1056 	.db #0x16	; 22
      00042A 16                    1057 	.db #0x16	; 22
      00042B 16                    1058 	.db #0x16	; 22
      00042C 03                    1059 	.db #0x03	; 3
      00042D 03                    1060 	.db #0x03	; 3
      00042E 03                    1061 	.db #0x03	; 3
      00042F 03                    1062 	.db #0x03	; 3
      000430 03                    1063 	.db #0x03	; 3
      000431 03                    1064 	.db #0x03	; 3
      000432 03                    1065 	.db #0x03	; 3
      000433 03                    1066 	.db #0x03	; 3
      000434                       1067 _bar_p:
      000434 FF 7F                 1068 	.dw #0x7fff
      000436 18 63                 1069 	.dw #0x6318
      000438 52 4A                 1070 	.dw #0x4a52
      00043A 00 00                 1071 	.dw #0x0000
      00043C 12 00                 1072 	.dw #0x0012
      00043E 18 00                 1073 	.dw #0x0018
      000440 1F 00                 1074 	.dw #0x001f
      000442 0C 00                 1075 	.dw #0x000c
      000444 80 01                 1076 	.dw #0x0180
      000446 40 02                 1077 	.dw #0x0240
      000448 00 03                 1078 	.dw #0x0300
      00044A E0 03                 1079 	.dw #0x03e0
      00044C 00 30                 1080 	.dw #0x3000
      00044E 00 48                 1081 	.dw #0x4800
      000450 00 60                 1082 	.dw #0x6000
      000452 00 7C                 1083 	.dw #0x7c00
      000454 18 03                 1084 	.dw #0x0318
      000456 FF 03                 1085 	.dw #0x03ff
      000458 8C 01                 1086 	.dw #0x018c
      00045A 52 02                 1087 	.dw #0x0252
      00045C 18 60                 1088 	.dw #0x6018
      00045E 1F 7C                 1089 	.dw #0x7c1f
      000460 0C 30                 1090 	.dw #0x300c
      000462 12 48                 1091 	.dw #0x4812
      000464 40 4A                 1092 	.dw #0x4a40
      000466 00 63                 1093 	.dw #0x6300
      000468 E0 7F                 1094 	.dw #0x7fe0
      00046A 80 31                 1095 	.dw #0x3180
      00046C FF 7F                 1096 	.dw #0x7fff
      00046E 18 63                 1097 	.dw #0x6318
      000470 52 4A                 1098 	.dw #0x4a52
      000472 8C 31                 1099 	.dw #0x318c
      000474                       1100 _bar_a:
      000474 07                    1101 	.db #0x07	; 7
      000475 07                    1102 	.db #0x07	; 7
      000476 04                    1103 	.db #0x04	; 4
      000477 04                    1104 	.db #0x04	; 4
      000478 04                    1105 	.db #0x04	; 4
      000479 06                    1106 	.db #0x06	; 6
      00047A 06                    1107 	.db #0x06	; 6
      00047B 06                    1108 	.db #0x06	; 6
      00047C 02                    1109 	.db #0x02	; 2
      00047D 02                    1110 	.db #0x02	; 2
      00047E 02                    1111 	.db #0x02	; 2
      00047F 05                    1112 	.db #0x05	; 5
      000480 05                    1113 	.db #0x05	; 5
      000481 05                    1114 	.db #0x05	; 5
      000482 01                    1115 	.db #0x01	; 1
      000483 01                    1116 	.db #0x01	; 1
      000484 01                    1117 	.db #0x01	; 1
      000485 03                    1118 	.db #0x03	; 3
      000486 03                    1119 	.db #0x03	; 3
      000487 03                    1120 	.db #0x03	; 3
      000488 07                    1121 	.db #0x07	; 7
      000489 07                    1122 	.db #0x07	; 7
      00048A 04                    1123 	.db #0x04	; 4
      00048B 04                    1124 	.db #0x04	; 4
      00048C 04                    1125 	.db #0x04	; 4
      00048D 06                    1126 	.db #0x06	; 6
      00048E 06                    1127 	.db #0x06	; 6
      00048F 06                    1128 	.db #0x06	; 6
      000490 02                    1129 	.db #0x02	; 2
      000491 02                    1130 	.db #0x02	; 2
      000492 02                    1131 	.db #0x02	; 2
      000493 05                    1132 	.db #0x05	; 5
      000494 05                    1133 	.db #0x05	; 5
      000495 05                    1134 	.db #0x05	; 5
      000496 01                    1135 	.db #0x01	; 1
      000497 01                    1136 	.db #0x01	; 1
      000498 01                    1137 	.db #0x01	; 1
      000499 03                    1138 	.db #0x03	; 3
      00049A 03                    1139 	.db #0x03	; 3
      00049B 03                    1140 	.db #0x03	; 3
      00049C 07                    1141 	.db #0x07	; 7
      00049D 07                    1142 	.db #0x07	; 7
      00049E 04                    1143 	.db #0x04	; 4
      00049F 04                    1144 	.db #0x04	; 4
      0004A0 04                    1145 	.db #0x04	; 4
      0004A1 06                    1146 	.db #0x06	; 6
      0004A2 06                    1147 	.db #0x06	; 6
      0004A3 06                    1148 	.db #0x06	; 6
      0004A4 02                    1149 	.db #0x02	; 2
      0004A5 02                    1150 	.db #0x02	; 2
      0004A6 02                    1151 	.db #0x02	; 2
      0004A7 05                    1152 	.db #0x05	; 5
      0004A8 05                    1153 	.db #0x05	; 5
      0004A9 05                    1154 	.db #0x05	; 5
      0004AA 01                    1155 	.db #0x01	; 1
      0004AB 01                    1156 	.db #0x01	; 1
      0004AC 01                    1157 	.db #0x01	; 1
      0004AD 03                    1158 	.db #0x03	; 3
      0004AE 03                    1159 	.db #0x03	; 3
      0004AF 03                    1160 	.db #0x03	; 3
      0004B0 07                    1161 	.db #0x07	; 7
      0004B1 07                    1162 	.db #0x07	; 7
      0004B2 04                    1163 	.db #0x04	; 4
      0004B3 04                    1164 	.db #0x04	; 4
      0004B4 04                    1165 	.db #0x04	; 4
      0004B5 06                    1166 	.db #0x06	; 6
      0004B6 06                    1167 	.db #0x06	; 6
      0004B7 06                    1168 	.db #0x06	; 6
      0004B8 02                    1169 	.db #0x02	; 2
      0004B9 02                    1170 	.db #0x02	; 2
      0004BA 02                    1171 	.db #0x02	; 2
      0004BB 05                    1172 	.db #0x05	; 5
      0004BC 05                    1173 	.db #0x05	; 5
      0004BD 05                    1174 	.db #0x05	; 5
      0004BE 01                    1175 	.db #0x01	; 1
      0004BF 01                    1176 	.db #0x01	; 1
      0004C0 01                    1177 	.db #0x01	; 1
      0004C1 03                    1178 	.db #0x03	; 3
      0004C2 03                    1179 	.db #0x03	; 3
      0004C3 03                    1180 	.db #0x03	; 3
      0004C4 07                    1181 	.db #0x07	; 7
      0004C5 07                    1182 	.db #0x07	; 7
      0004C6 04                    1183 	.db #0x04	; 4
      0004C7 04                    1184 	.db #0x04	; 4
      0004C8 04                    1185 	.db #0x04	; 4
      0004C9 06                    1186 	.db #0x06	; 6
      0004CA 06                    1187 	.db #0x06	; 6
      0004CB 06                    1188 	.db #0x06	; 6
      0004CC 02                    1189 	.db #0x02	; 2
      0004CD 02                    1190 	.db #0x02	; 2
      0004CE 02                    1191 	.db #0x02	; 2
      0004CF 05                    1192 	.db #0x05	; 5
      0004D0 05                    1193 	.db #0x05	; 5
      0004D1 05                    1194 	.db #0x05	; 5
      0004D2 01                    1195 	.db #0x01	; 1
      0004D3 01                    1196 	.db #0x01	; 1
      0004D4 01                    1197 	.db #0x01	; 1
      0004D5 03                    1198 	.db #0x03	; 3
      0004D6 03                    1199 	.db #0x03	; 3
      0004D7 03                    1200 	.db #0x03	; 3
      0004D8 07                    1201 	.db #0x07	; 7
      0004D9 07                    1202 	.db #0x07	; 7
      0004DA 04                    1203 	.db #0x04	; 4
      0004DB 04                    1204 	.db #0x04	; 4
      0004DC 04                    1205 	.db #0x04	; 4
      0004DD 06                    1206 	.db #0x06	; 6
      0004DE 06                    1207 	.db #0x06	; 6
      0004DF 06                    1208 	.db #0x06	; 6
      0004E0 02                    1209 	.db #0x02	; 2
      0004E1 02                    1210 	.db #0x02	; 2
      0004E2 02                    1211 	.db #0x02	; 2
      0004E3 05                    1212 	.db #0x05	; 5
      0004E4 05                    1213 	.db #0x05	; 5
      0004E5 05                    1214 	.db #0x05	; 5
      0004E6 01                    1215 	.db #0x01	; 1
      0004E7 01                    1216 	.db #0x01	; 1
      0004E8 01                    1217 	.db #0x01	; 1
      0004E9 03                    1218 	.db #0x03	; 3
      0004EA 03                    1219 	.db #0x03	; 3
      0004EB 03                    1220 	.db #0x03	; 3
      0004EC 07                    1221 	.db #0x07	; 7
      0004ED 07                    1222 	.db #0x07	; 7
      0004EE 04                    1223 	.db #0x04	; 4
      0004EF 04                    1224 	.db #0x04	; 4
      0004F0 04                    1225 	.db #0x04	; 4
      0004F1 06                    1226 	.db #0x06	; 6
      0004F2 06                    1227 	.db #0x06	; 6
      0004F3 06                    1228 	.db #0x06	; 6
      0004F4 02                    1229 	.db #0x02	; 2
      0004F5 02                    1230 	.db #0x02	; 2
      0004F6 02                    1231 	.db #0x02	; 2
      0004F7 05                    1232 	.db #0x05	; 5
      0004F8 05                    1233 	.db #0x05	; 5
      0004F9 05                    1234 	.db #0x05	; 5
      0004FA 01                    1235 	.db #0x01	; 1
      0004FB 01                    1236 	.db #0x01	; 1
      0004FC 01                    1237 	.db #0x01	; 1
      0004FD 03                    1238 	.db #0x03	; 3
      0004FE 03                    1239 	.db #0x03	; 3
      0004FF 03                    1240 	.db #0x03	; 3
      000500 07                    1241 	.db #0x07	; 7
      000501 07                    1242 	.db #0x07	; 7
      000502 04                    1243 	.db #0x04	; 4
      000503 04                    1244 	.db #0x04	; 4
      000504 04                    1245 	.db #0x04	; 4
      000505 06                    1246 	.db #0x06	; 6
      000506 06                    1247 	.db #0x06	; 6
      000507 06                    1248 	.db #0x06	; 6
      000508 02                    1249 	.db #0x02	; 2
      000509 02                    1250 	.db #0x02	; 2
      00050A 02                    1251 	.db #0x02	; 2
      00050B 05                    1252 	.db #0x05	; 5
      00050C 05                    1253 	.db #0x05	; 5
      00050D 05                    1254 	.db #0x05	; 5
      00050E 01                    1255 	.db #0x01	; 1
      00050F 01                    1256 	.db #0x01	; 1
      000510 01                    1257 	.db #0x01	; 1
      000511 03                    1258 	.db #0x03	; 3
      000512 03                    1259 	.db #0x03	; 3
      000513 03                    1260 	.db #0x03	; 3
      000514 07                    1261 	.db #0x07	; 7
      000515 07                    1262 	.db #0x07	; 7
      000516 04                    1263 	.db #0x04	; 4
      000517 04                    1264 	.db #0x04	; 4
      000518 04                    1265 	.db #0x04	; 4
      000519 06                    1266 	.db #0x06	; 6
      00051A 06                    1267 	.db #0x06	; 6
      00051B 06                    1268 	.db #0x06	; 6
      00051C 02                    1269 	.db #0x02	; 2
      00051D 02                    1270 	.db #0x02	; 2
      00051E 02                    1271 	.db #0x02	; 2
      00051F 05                    1272 	.db #0x05	; 5
      000520 05                    1273 	.db #0x05	; 5
      000521 05                    1274 	.db #0x05	; 5
      000522 01                    1275 	.db #0x01	; 1
      000523 01                    1276 	.db #0x01	; 1
      000524 01                    1277 	.db #0x01	; 1
      000525 03                    1278 	.db #0x03	; 3
      000526 03                    1279 	.db #0x03	; 3
      000527 03                    1280 	.db #0x03	; 3
      000528 07                    1281 	.db #0x07	; 7
      000529 07                    1282 	.db #0x07	; 7
      00052A 04                    1283 	.db #0x04	; 4
      00052B 04                    1284 	.db #0x04	; 4
      00052C 04                    1285 	.db #0x04	; 4
      00052D 06                    1286 	.db #0x06	; 6
      00052E 06                    1287 	.db #0x06	; 6
      00052F 06                    1288 	.db #0x06	; 6
      000530 02                    1289 	.db #0x02	; 2
      000531 02                    1290 	.db #0x02	; 2
      000532 02                    1291 	.db #0x02	; 2
      000533 05                    1292 	.db #0x05	; 5
      000534 05                    1293 	.db #0x05	; 5
      000535 05                    1294 	.db #0x05	; 5
      000536 01                    1295 	.db #0x01	; 1
      000537 01                    1296 	.db #0x01	; 1
      000538 01                    1297 	.db #0x01	; 1
      000539 03                    1298 	.db #0x03	; 3
      00053A 03                    1299 	.db #0x03	; 3
      00053B 03                    1300 	.db #0x03	; 3
      00053C 07                    1301 	.db #0x07	; 7
      00053D 07                    1302 	.db #0x07	; 7
      00053E 04                    1303 	.db #0x04	; 4
      00053F 04                    1304 	.db #0x04	; 4
      000540 04                    1305 	.db #0x04	; 4
      000541 06                    1306 	.db #0x06	; 6
      000542 06                    1307 	.db #0x06	; 6
      000543 06                    1308 	.db #0x06	; 6
      000544 02                    1309 	.db #0x02	; 2
      000545 02                    1310 	.db #0x02	; 2
      000546 02                    1311 	.db #0x02	; 2
      000547 05                    1312 	.db #0x05	; 5
      000548 05                    1313 	.db #0x05	; 5
      000549 05                    1314 	.db #0x05	; 5
      00054A 01                    1315 	.db #0x01	; 1
      00054B 01                    1316 	.db #0x01	; 1
      00054C 01                    1317 	.db #0x01	; 1
      00054D 03                    1318 	.db #0x03	; 3
      00054E 03                    1319 	.db #0x03	; 3
      00054F 03                    1320 	.db #0x03	; 3
      000550 07                    1321 	.db #0x07	; 7
      000551 07                    1322 	.db #0x07	; 7
      000552 04                    1323 	.db #0x04	; 4
      000553 04                    1324 	.db #0x04	; 4
      000554 04                    1325 	.db #0x04	; 4
      000555 06                    1326 	.db #0x06	; 6
      000556 06                    1327 	.db #0x06	; 6
      000557 06                    1328 	.db #0x06	; 6
      000558 02                    1329 	.db #0x02	; 2
      000559 02                    1330 	.db #0x02	; 2
      00055A 02                    1331 	.db #0x02	; 2
      00055B 05                    1332 	.db #0x05	; 5
      00055C 05                    1333 	.db #0x05	; 5
      00055D 05                    1334 	.db #0x05	; 5
      00055E 01                    1335 	.db #0x01	; 1
      00055F 01                    1336 	.db #0x01	; 1
      000560 01                    1337 	.db #0x01	; 1
      000561 03                    1338 	.db #0x03	; 3
      000562 03                    1339 	.db #0x03	; 3
      000563 03                    1340 	.db #0x03	; 3
      000564 07                    1341 	.db #0x07	; 7
      000565 07                    1342 	.db #0x07	; 7
      000566 04                    1343 	.db #0x04	; 4
      000567 04                    1344 	.db #0x04	; 4
      000568 04                    1345 	.db #0x04	; 4
      000569 06                    1346 	.db #0x06	; 6
      00056A 06                    1347 	.db #0x06	; 6
      00056B 06                    1348 	.db #0x06	; 6
      00056C 02                    1349 	.db #0x02	; 2
      00056D 02                    1350 	.db #0x02	; 2
      00056E 02                    1351 	.db #0x02	; 2
      00056F 05                    1352 	.db #0x05	; 5
      000570 05                    1353 	.db #0x05	; 5
      000571 05                    1354 	.db #0x05	; 5
      000572 01                    1355 	.db #0x01	; 1
      000573 01                    1356 	.db #0x01	; 1
      000574 01                    1357 	.db #0x01	; 1
      000575 03                    1358 	.db #0x03	; 3
      000576 03                    1359 	.db #0x03	; 3
      000577 03                    1360 	.db #0x03	; 3
      000578 07                    1361 	.db #0x07	; 7
      000579 07                    1362 	.db #0x07	; 7
      00057A 04                    1363 	.db #0x04	; 4
      00057B 04                    1364 	.db #0x04	; 4
      00057C 04                    1365 	.db #0x04	; 4
      00057D 06                    1366 	.db #0x06	; 6
      00057E 06                    1367 	.db #0x06	; 6
      00057F 06                    1368 	.db #0x06	; 6
      000580 02                    1369 	.db #0x02	; 2
      000581 02                    1370 	.db #0x02	; 2
      000582 02                    1371 	.db #0x02	; 2
      000583 05                    1372 	.db #0x05	; 5
      000584 05                    1373 	.db #0x05	; 5
      000585 05                    1374 	.db #0x05	; 5
      000586 01                    1375 	.db #0x01	; 1
      000587 01                    1376 	.db #0x01	; 1
      000588 01                    1377 	.db #0x01	; 1
      000589 03                    1378 	.db #0x03	; 3
      00058A 03                    1379 	.db #0x03	; 3
      00058B 03                    1380 	.db #0x03	; 3
      00058C 03                    1381 	.db #0x03	; 3
      00058D 03                    1382 	.db #0x03	; 3
      00058E 00                    1383 	.db #0x00	; 0
      00058F 00                    1384 	.db #0x00	; 0
      000590 00                    1385 	.db #0x00	; 0
      000591 05                    1386 	.db #0x05	; 5
      000592 05                    1387 	.db #0x05	; 5
      000593 05                    1388 	.db #0x05	; 5
      000594 00                    1389 	.db #0x00	; 0
      000595 00                    1390 	.db #0x00	; 0
      000596 00                    1391 	.db #0x00	; 0
      000597 06                    1392 	.db #0x06	; 6
      000598 06                    1393 	.db #0x06	; 6
      000599 06                    1394 	.db #0x06	; 6
      00059A 00                    1395 	.db #0x00	; 0
      00059B 00                    1396 	.db #0x00	; 0
      00059C 00                    1397 	.db #0x00	; 0
      00059D 07                    1398 	.db #0x07	; 7
      00059E 07                    1399 	.db #0x07	; 7
      00059F 07                    1400 	.db #0x07	; 7
      0005A0 03                    1401 	.db #0x03	; 3
      0005A1 03                    1402 	.db #0x03	; 3
      0005A2 03                    1403 	.db #0x03	; 3
      0005A3 03                    1404 	.db #0x03	; 3
      0005A4 00                    1405 	.db #0x00	; 0
      0005A5 00                    1406 	.db #0x00	; 0
      0005A6 00                    1407 	.db #0x00	; 0
      0005A7 00                    1408 	.db #0x00	; 0
      0005A8 05                    1409 	.db #0x05	; 5
      0005A9 05                    1410 	.db #0x05	; 5
      0005AA 05                    1411 	.db #0x05	; 5
      0005AB 05                    1412 	.db #0x05	; 5
      0005AC 00                    1413 	.db #0x00	; 0
      0005AD 00                    1414 	.db #0x00	; 0
      0005AE 00                    1415 	.db #0x00	; 0
      0005AF 00                    1416 	.db #0x00	; 0
      0005B0 00                    1417 	.db #0x00	; 0
      0005B1 00                    1418 	.db #0x00	; 0
      0005B2 00                    1419 	.db #0x00	; 0
      0005B3 00                    1420 	.db #0x00	; 0
      0005B4 03                    1421 	.db #0x03	; 3
      0005B5 03                    1422 	.db #0x03	; 3
      0005B6 03                    1423 	.db #0x03	; 3
      0005B7 03                    1424 	.db #0x03	; 3
      0005B8 00                    1425 	.db #0x00	; 0
      0005B9 00                    1426 	.db #0x00	; 0
      0005BA 00                    1427 	.db #0x00	; 0
      0005BB 00                    1428 	.db #0x00	; 0
      0005BC 05                    1429 	.db #0x05	; 5
      0005BD 05                    1430 	.db #0x05	; 5
      0005BE 05                    1431 	.db #0x05	; 5
      0005BF 05                    1432 	.db #0x05	; 5
      0005C0 00                    1433 	.db #0x00	; 0
      0005C1 00                    1434 	.db #0x00	; 0
      0005C2 00                    1435 	.db #0x00	; 0
      0005C3 00                    1436 	.db #0x00	; 0
      0005C4 00                    1437 	.db #0x00	; 0
      0005C5 00                    1438 	.db #0x00	; 0
      0005C6 00                    1439 	.db #0x00	; 0
      0005C7 00                    1440 	.db #0x00	; 0
      0005C8 03                    1441 	.db #0x03	; 3
      0005C9 03                    1442 	.db #0x03	; 3
      0005CA 03                    1443 	.db #0x03	; 3
      0005CB 03                    1444 	.db #0x03	; 3
      0005CC 00                    1445 	.db #0x00	; 0
      0005CD 00                    1446 	.db #0x00	; 0
      0005CE 00                    1447 	.db #0x00	; 0
      0005CF 00                    1448 	.db #0x00	; 0
      0005D0 05                    1449 	.db #0x05	; 5
      0005D1 05                    1450 	.db #0x05	; 5
      0005D2 05                    1451 	.db #0x05	; 5
      0005D3 05                    1452 	.db #0x05	; 5
      0005D4 00                    1453 	.db #0x00	; 0
      0005D5 00                    1454 	.db #0x00	; 0
      0005D6 00                    1455 	.db #0x00	; 0
      0005D7 00                    1456 	.db #0x00	; 0
      0005D8 00                    1457 	.db #0x00	; 0
      0005D9 00                    1458 	.db #0x00	; 0
      0005DA 00                    1459 	.db #0x00	; 0
      0005DB 00                    1460 	.db #0x00	; 0
                                   1461 	.area _CODE
                                   1462 	.area _INITIALIZER
                                   1463 	.area _CABS (ABS)
